---
source: tests/bundle.rs
expression: main
---
local __DARKLUA_BUNDLE_MODULES={}do __DARKLUA_BUNDLE_MODULES.a={0, 100}end local value = __DARKLUA_BUNDLE_MODULES.a
