---
source: tests/bundle.rs
expression: main
---
local __DARKLUA_BUNDLE_MODULES = {}

do
    __DARKLUA_BUNDLE_MODULES.a = {
        name = 'darklua',
        data = {
            bool = true,
            numbers = {0, 100},
        },
    }
end

local value = __DARKLUA_BUNDLE_MODULES.a

