---
source: src/generator/mod.rs
expression: generator.into_string()
---
`I'm cool`
