---
source: src/generator/mod.rs
expression: generator.into_string()

---
'Say: "Hi"'
